// Vitest Snapshot v1

exports[`Card Info > should render component and snapshot 1`] = `
"<div class=\\"flex flex-col gap-2 p-2 border-l-2\\">
  <h6 class=\\"text-[10px] font-medium text-gray-400 uppercase\\">Label test</h6>
  <h4 class=\\"text-[14px] font-medium text-primary-500\\">100</h4>
</div>"
`;
